// Jest Snapshot v1, https://goo.gl/fbAQLP

exports[`shows up current config without unnecessary output 1`] = `
{
  "root": "<<REPLACED_ROOT>>/TestProject",
  "reactNativePath": "<<REPLACED_ROOT>>/TestProject/node_modules/react-native",
  "dependencies": {},
  "commands": [
    {
      "name": "log-ios",
      "description": "starts iOS device syslog tail"
    },
    {
      "name": "run-ios",
      "description": "builds your app and starts it on iOS simulator",
      "examples": [
        "<<REPLACED>>"
      ],
      "options": [
        "<<REPLACED>>"
      ]
    },
    {
      "name": "log-android",
      "description": "starts logkitty"
    },
    {
      "name": "run-android",
      "description": "builds your app and starts it on a connected Android emulator or device",
      "options": [
        "<<REPLACED>>"
      ]
    }
  ],
  "healthChecks": [],
  "platforms": {
    "ios": {},
    "android": {}
  },
  "project": {
    "ios": {
      "sourceDir": "<<REPLACED_ROOT>>/TestProject/ios",
      "xcodeProject": {
        "name": "TestProject.xcodeproj",
        "isWorkspace": false
      }
    },
    "android": {
      "sourceDir": "<<REPLACED_ROOT>>/TestProject/android",
      "appName": "app",
      "packageName": "com.testproject"
    }
  }
}
`;
