// Jest Snapshot v1, https://goo.gl/fbAQLP

exports[`shows up help information without passing in any args 1`] = `
"Usage: bin [command] [options]

Options:
  -v --version                  Output the current version
  -h, --help                    display help for command

Commands:
  init [options] [projectName]  New app will be initialized in the directory of
                                the same name. Android and iOS projects will
                                use this name for publishing setup.
  doctor [options]              Diagnose and fix common Node.js, iOS, Android &
                                React Native issues.
  help [command]                display help for command"
`;
