// Jest Snapshot v1, https://goo.gl/fbAQLP

exports[`shows up help information without passing in any args 1`] = `
"Usage: bin <command> [options]

Options:
  --version                     Print CLI version
  --verbose                     Increase logging verbosity
  -h, --help                    output usage information

Commands:
  init [options] <projectName>  Initialize a new React Native project named <projectName> in a directory of the same name.
  doctor [options]              [EXPERIMENTAL] Diagnose and fix common Node.js, iOS, Android & React Native issues."
`;
