// Jest Snapshot v1, https://goo.gl/fbAQLP

exports[`works when Gradle is run outside of the project hierarchy 1`] = `
"
> Task :help

Welcome to Gradle 5.5.

To run a build, run gradlew <task> ...

To see a list of available tasks, run gradlew tasks

To see a list of command-line options, run gradlew --help

To see more detail about a task, run gradlew help --task <task>

For troubleshooting, visit https://help.gradle.org

BUILD SUCCESSFUL in 1s
1 actionable task: 1 executed"
`;
